[36mvite v5.4.21 [32mbuilding SSR bundle for development...[36m[39m
transforming...
[32m✓[39m 92 modules transformed.
rendering chunks...
[1m[33m[plugin:vite:reporter][39m[22m [33m[plugin vite:reporter] 
(!) C:/Users/1/Desktop/pi-wood/apps/desktop/electron/main/worktree/worktree-service.ts is dynamically imported by C:/Users/1/Desktop/pi-wood/apps/desktop/electron/main/engine/engine-manager.ts, C:/Users/1/Desktop/pi-wood/apps/desktop/electron/main/engine/engine-manager.ts, C:/Users/1/Desktop/pi-wood/apps/desktop/electron/main/engine/engine-manager.ts but also statically imported by C:/Users/1/Desktop/pi-wood/apps/desktop/electron/main/engine/conversation-registry.ts, dynamic import will not move module into another chunk.
[39m
[1m[33m[plugin:vite:reporter][39m[22m [33m[plugin vite:reporter] 
(!) C:/Users/1/Desktop/pi-wood/apps/desktop/electron/main/engine/conversation-registry.ts is dynamically imported by C:/Users/1/Desktop/pi-wood/apps/desktop/electron/main/engine/approval-probe.ts, C:/Users/1/Desktop/pi-wood/apps/desktop/electron/main/workbench/terminal-service.ts but also statically imported by C:/Users/1/Desktop/pi-wood/apps/desktop/electron/main/engine/approval-probe.ts, C:/Users/1/Desktop/pi-wood/apps/desktop/electron/main/engine/concurrency-probe.ts, C:/Users/1/Desktop/pi-wood/apps/desktop/electron/main/engine/context-tree-probe.ts, C:/Users/1/Desktop/pi-wood/apps/desktop/electron/main/engine/context-tree-ui-probe.ts, C:/Users/1/Desktop/pi-wood/apps/desktop/electron/main/engine/conversation-probe.ts, C:/Users/1/Desktop/pi-wood/apps/desktop/electron/main/engine/engine-manager.ts, C:/Users/1/Desktop/pi-wood/apps/desktop/electron/main/engine/latency-probe.ts, C:/Users/1/Desktop/pi-wood/apps/desktop/electron/main/engine/latency-ui-probe.ts, C:/Users/1/Desktop/pi-wood/apps/desktop/electron/main/engine/workspace-scope-probe.ts, C:/Users/1/Desktop/pi-wood/apps/desktop/electron/main/index.ts, C:/Users/1/Desktop/pi-wood/apps/desktop/electron/main/ipc/data.ipc.ts, dynamic import will not move module into another chunk.
[39m
[1m[33m[plugin:vite:reporter][39m[22m [33m[plugin vite:reporter] 
(!) C:/Users/1/Desktop/pi-wood/apps/desktop/electron/main/engine/engine-manager.ts is dynamically imported by C:/Users/1/Desktop/pi-wood/apps/desktop/electron/main/goal/goal.ipc.ts, C:/Users/1/Desktop/pi-wood/apps/desktop/electron/main/goal/goal.ipc.ts but also statically imported by C:/Users/1/Desktop/pi-wood/apps/desktop/electron/main/engine/approval-probe.ts, C:/Users/1/Desktop/pi-wood/apps/desktop/electron/main/engine/context-tree-ui-probe.ts, C:/Users/1/Desktop/pi-wood/apps/desktop/electron/main/engine/latency-ui-probe.ts, C:/Users/1/Desktop/pi-wood/apps/desktop/electron/main/engine/ui-chat-harness.ts, C:/Users/1/Desktop/pi-wood/apps/desktop/electron/main/engine/workspace-scope-probe.ts, C:/Users/1/Desktop/pi-wood/apps/desktop/electron/main/goal/goal.ipc.ts, C:/Users/1/Desktop/pi-wood/apps/desktop/electron/main/index.ts, C:/Users/1/Desktop/pi-wood/apps/desktop/electron/main/memory/memory.ipc.ts, C:/Users/1/Desktop/pi-wood/apps/desktop/electron/main/plugins/plugins.ipc.ts, C:/Users/1/Desktop/pi-wood/apps/desktop/electron/main/review/review.ipc.ts, dynamic import will not move module into another chunk.
[39m
[2mout/main/[22m[36mchunks/index-Cy-oIwDN.js            [39m[1m[2m  4.81 kB[22m[1m[22m
[2mout/main/[22m[36mengine-child.js                     [39m[1m[2m 11.61 kB[22m[1m[22m
[2mout/main/[22m[36mchunks/host-tool-specs-CrISf869.js  [39m[1m[2m 56.86 kB[22m[1m[22m
[2mout/main/[22m[36mindex.js                            [39m[1m[2m335.05 kB[22m[1m[22m
[32m✓ built in 425ms[39m
[32m
build the electron main process successfully[39m
[90m
-----
[39m
[36mvite v5.4.21 [32mbuilding SSR bundle for development...[36m[39m
transforming...
[32m✓[39m 1 modules transformed.
rendering chunks...
[2mout/preload/[22m[36mindex.mjs  [39m[1m[2m14.89 kB[22m[1m[22m
[32m✓ built in 14ms[39m
[32m
build the electron preload files successfully[39m
[90m
-----
[39m
[32mdev server running for the electron renderer process at:
[39m
  [32m➜[39m  [1mLocal[22m:   [36mhttp://localhost:[1m5173[22m/[39m
[2m  [32m➜[39m  [1mNetwork[22m[2m: use [22m[1m--host[22m[2m to expose[22m
[32m
start electron app...
[39m

[plugin:demo-crash] [crash] activate（等待 crash 控制消息）
[plugin:demo-crash] crashed code=0 uptime=3371ms restarts=0
[engine] 渲染层推送累计丢弃 1 条（窗口未就绪/已销毁？通道 ui:notify）
[plugin:demo-kitchen] crashed code=0 uptime=3370ms restarts=0
[plugin:demo-overreach] crashed code=0 uptime=3369ms restarts=0
