[36mvite v5.4.21 [32mbuilding SSR bundle for production...[36m[39m
transforming...
[32m✓[39m 90 modules transformed.
rendering chunks...
[1m[33m[plugin:vite:reporter][39m[22m [33m[plugin vite:reporter] 
(!) C:/Users/1/Desktop/pi-wood/apps/desktop/electron/main/worktree/worktree-service.ts is dynamically imported by C:/Users/1/Desktop/pi-wood/apps/desktop/electron/main/engine/engine-manager.ts, C:/Users/1/Desktop/pi-wood/apps/desktop/electron/main/engine/engine-manager.ts, C:/Users/1/Desktop/pi-wood/apps/desktop/electron/main/engine/engine-manager.ts but also statically imported by C:/Users/1/Desktop/pi-wood/apps/desktop/electron/main/engine/conversation-registry.ts, dynamic import will not move module into another chunk.
[39m
[1m[33m[plugin:vite:reporter][39m[22m [33m[plugin vite:reporter] 
(!) C:/Users/1/Desktop/pi-wood/apps/desktop/electron/main/engine/conversation-registry.ts is dynamically imported by C:/Users/1/Desktop/pi-wood/apps/desktop/electron/main/engine/approval-probe.ts, C:/Users/1/Desktop/pi-wood/apps/desktop/electron/main/workbench/terminal-service.ts but also statically imported by C:/Users/1/Desktop/pi-wood/apps/desktop/electron/main/engine/approval-probe.ts, C:/Users/1/Desktop/pi-wood/apps/desktop/electron/main/engine/concurrency-probe.ts, C:/Users/1/Desktop/pi-wood/apps/desktop/electron/main/engine/conversation-probe.ts, C:/Users/1/Desktop/pi-wood/apps/desktop/electron/main/engine/engine-manager.ts, C:/Users/1/Desktop/pi-wood/apps/desktop/electron/main/engine/latency-probe.ts, C:/Users/1/Desktop/pi-wood/apps/desktop/electron/main/engine/latency-ui-probe.ts, C:/Users/1/Desktop/pi-wood/apps/desktop/electron/main/engine/workspace-scope-probe.ts, C:/Users/1/Desktop/pi-wood/apps/desktop/electron/main/index.ts, C:/Users/1/Desktop/pi-wood/apps/desktop/electron/main/ipc/data.ipc.ts, dynamic import will not move module into another chunk.
[39m
[1m[33m[plugin:vite:reporter][39m[22m [33m[plugin vite:reporter] 
(!) C:/Users/1/Desktop/pi-wood/apps/desktop/electron/main/engine/engine-manager.ts is dynamically imported by C:/Users/1/Desktop/pi-wood/apps/desktop/electron/main/goal/goal.ipc.ts, C:/Users/1/Desktop/pi-wood/apps/desktop/electron/main/goal/goal.ipc.ts but also statically imported by C:/Users/1/Desktop/pi-wood/apps/desktop/electron/main/engine/approval-probe.ts, C:/Users/1/Desktop/pi-wood/apps/desktop/electron/main/engine/latency-ui-probe.ts, C:/Users/1/Desktop/pi-wood/apps/desktop/electron/main/engine/ui-chat-harness.ts, C:/Users/1/Desktop/pi-wood/apps/desktop/electron/main/engine/workspace-scope-probe.ts, C:/Users/1/Desktop/pi-wood/apps/desktop/electron/main/goal/goal.ipc.ts, C:/Users/1/Desktop/pi-wood/apps/desktop/electron/main/index.ts, C:/Users/1/Desktop/pi-wood/apps/desktop/electron/main/memory/memory.ipc.ts, C:/Users/1/Desktop/pi-wood/apps/desktop/electron/main/plugins/plugins.ipc.ts, C:/Users/1/Desktop/pi-wood/apps/desktop/electron/main/review/review.ipc.ts, dynamic import will not move module into another chunk.
[39m
[2mout/main/[22m[36mengine-child.js                     [39m[1m[2m 11.41 kB[22m[1m[22m
[2mout/main/[22m[36mchunks/host-tool-specs-hueUGxIm.js  [39m[1m[2m 49.23 kB[22m[1m[22m
[2mout/main/[22m[36mindex.js                            [39m[1m[2m304.50 kB[22m[1m[22m
[32m✓ built in 438ms[39m
[36mvite v5.4.21 [32mbuilding SSR bundle for production...[36m[39m
transforming...
[32m✓[39m 1 modules transformed.
rendering chunks...
[2mout/preload/[22m[36mindex.mjs  [39m[1m[2m13.80 kB[22m[1m[22m
[32m✓ built in 16ms[39m
[36mvite v5.4.21 [32mbuilding for production...[36m[39m
transforming...
[32m✓[39m 4127 modules transformed.
rendering chunks...
[2m../../out/renderer/[22m[32mindex.html                                     [39m[1m[2m     0.65 kB[22m[1m[22m
[2m../../out/renderer/[22m[32massets/codicon-Brq4_Ui5.ttf                    [39m[1m[2m   140.96 kB[22m[1m[22m
[2m../../out/renderer/[22m[32massets/editor.worker-BaQuYFPg.js               [39m[1m[2m   584.57 kB[22m[1m[22m
[2m../../out/renderer/[22m[32massets/json.worker-B_6GSjhi.js                 [39m[1m[2m   883.17 kB[22m[1m[22m
[2m../../out/renderer/[22m[32massets/html.worker-Bh__g14Z.js                 [39m[1m[2m 1,280.92 kB[22m[1m[22m
[2m../../out/renderer/[22m[32massets/css.worker-Ddkp-8Lu.js                  [39m[1m[2m 1,909.27 kB[22m[1m[22m
[2m../../out/renderer/[22m[32massets/ts.worker-D1n1aso5.js                   [39m[1m[2m13,290.55 kB[22m[1m[22m
[2m../../out/renderer/[22m[35massets/TerminalPanel-GVL3fBIr.css              [39m[1m[2m     7.11 kB[22m[1m[22m
[2m../../out/renderer/[22m[35massets/index-DoB_Xeko.css                      [39m[1m[2m    93.85 kB[22m[1m[22m
[2m../../out/renderer/[22m[35massets/FilesPanel-BwxubRqT.css                 [39m[1m[2m   224.57 kB[22m[1m[22m
[2m../../out/renderer/[22m[36massets/extends-BwmuZ0dU.js                     [39m[1m[2m     0.33 kB[22m[1m[22m
[2m../../out/renderer/[22m[36massets/codeowners-awy7PWCD.js                  [39m[1m[2m     0.59 kB[22m[1m[22m
[2m../../out/renderer/[22m[36massets/tsv-ChRVFvMy.js                         [39m[1m[2m     0.77 kB[22m[1m[22m
[2m../../out/renderer/[22m[36massets/shellsession-CkeTp4M1.js                [39m[1m[2m     0.78 kB[22m[1m[22m
[2m../../out/renderer/[22m[36massets/html-derivative-hBF5i0yR.js             [39m[1m[2m     0.97 kB[22m[1m[22m
[2m../../out/renderer/[22m[36massets/qmldir-DuMSk0Oz.js                      [39m[1m[2m     1.04 kB[22m[1m[22m
[2m../../out/renderer/[22m[36massets/git-rebase-CBPs_8pF.js                  [39m[1m[2m     1.05 kB[22m[1m[22m
[2m../../out/renderer/[22m[36massets/csv-Ba84L8e5.js                         [39m[1m[2m     1.17 kB[22m[1m[22m
[2m../../out/renderer/[22m[36massets/git-commit-Dv4XKH0P.js                  [39m[1m[2m     1.29 kB[22m[1m[22m
[2m../../out/renderer/[22m[36massets/azcli-BEAhqcuE.js                       [39m[1m[2m     1.30 kB[22m[1m[22m
[2m../../out/renderer/[22m[36massets/javascript-UPoQxdD1.js                  [39m[1m[2m     1.37 kB[22m[1m[22m
[2m../../out/renderer/[22m[36massets/xsl-CnwVr_6q.js                         [39m[1m[2m     1.43 kB[22m[1m[22m
[2m../../out/renderer/[22m[36massets/dotenv-Bb4iNxXK.js                      [39m[1m[2m     1.46 kB[22m[1m[22m
[2m../../out/renderer/[22m[36massets/sparql-DswowMAp.js                      [39m[1m[2m     1.53 kB[22m[1m[22m
[2m../../out/renderer/[22m[36massets/ini-B84Ha1bx.js                         [39m[1m[2m     1.56 kB[22m[1m[22m
[2m../../out/renderer/[22m[36massets/ini-BcQysCTb.js                         [39m[1m[2m     1.67 kB[22m[1m[22m
[2m../../out/renderer/[22m[36massets/wenyan-BdqozpMZ.js                      [39m[1m[2m     1.69 kB[22m[1m[22m
[2m../../out/renderer/[22m[36massets/csp-D_3BK2Wp.js                         [39m[1m[2m     1.70 kB[22m[1m[22m
[2m../../out/renderer/[22m[36massets/fortran-fixed-form-CpmOyvS5.js          [39m[1m[2m     1.76 kB[22m[1m[22m
[2m../../out/renderer/[22m[36massets/docker-CUaLOm2I.js                      [39m[1m[2m     1.78 kB[22m[1m[22m
[2m../../out/renderer/[22m[36massets/desktop-_xiGZ9X1.js                     [39m[1m[2m     1.87 kB[22m[1m[22m
[2m../../out/renderer/[22m[36massets/hxml-bhUxPckm.js                        [39m[1m[2m     1.94 kB[22m[1m[22m
[2m../../out/renderer/[22m[36massets/workers-DAMXhewO.js                     [39m[1m[2m     2.12 kB[22m[1m[22m
[2m../../out/renderer/[22m[36massets/jssm-DDuANZ2u.js                        [39m[1m[2m     2.27 kB[22m[1m[22m
[2m../../out/renderer/[22m[36massets/scheme-D7PxodDG.js                      [39m[1m[2m     2.36 kB[22m[1m[22m
[2m../../out/renderer/[22m[36massets/reg-CULnG2WX.js                         [39m[1m[2m     2.38 kB[22m[1m[22m
[2m../../out/renderer/[22m[36massets/edge-Bt6vbpjM.js                        [39m[1m[2m     2.47 kB[22m[1m[22m
[2m../../out/renderer/[22m[36massets/diff-BEdzuHlE.js                        [39m[1m[2m     2.60 kB[22m[1m[22m
[2m../../out/renderer/[22m[36massets/gleam-LmNxrMsN.js                       [39m[1m[2m     2.61 kB[22m[1m[22m
[2m../../out/renderer/[22m[36massets/bat-Bqkp9Cfu.js                         [39m[1m[2m     2.66 kB[22m[1m[22m
[2m../../out/renderer/[22m[36massets/hy-B1k9U6S8.js                          [39m[1m[2m     2.67 kB[22m[1m[22m
[2m../../out/renderer/[22m[36massets/erb-BtI6ikng.js                         [39m[1m[2m     2.69 kB[22m[1m[22m
[2m../../out/renderer/[22m[36massets/flow9-ZSTChSMd.js                       [39m[1m[2m     2.76 kB[22m[1m[22m
[2m../../out/renderer/[22m[36massets/sb-Chfc_wZF.js                          [39m[1m[2m     2.81 kB[22m[1m[22m
[2m../../out/renderer/[22m[36massets/xml-DLa8tC_v.js                         [39m[1m[2m     2.82 kB[22m[1m[22m
[2m../../out/renderer/[22m[36massets/json-TjWBGEk1.js                        [39m[1m[2m     2.86 kB[22m[1m[22m
[2m../../out/renderer/[22m[36massets/openscad-C_m7ehZF.js                    [39m[1m[2m     2.87 kB[22m[1m[22m
[2m../../out/renderer/[22m[36massets/pla-DEV89yYj.js                         [39m[1m[2m     2.87 kB[22m[1m[22m
[2m../../out/renderer/[22m[36massets/log-BF22rfM9.js                         [39m[1m[2m     2.88 kB[22m[1m[22m
[2m../../out/renderer/[22m[36massets/cairo-BtYx2aM5.js                       [39m[1m[2m     2.99 kB[22m[1m[22m
[2m../../out/renderer/[22m[36massets/dockerfile--oxj0cAH.js                  [39m[1m[2m     3.02 kB[22m[1m[22m
[2m../../out/renderer/[22m[36massets/berry--Qc8OslH.js                       [39m[1m[2m     3.04 kB[22m[1m[22m
[2m../../out/renderer/[22m[36massets/jsonl-B-R_pDGg.js                       [39m[1m[2m     3.05 kB[22m[1m[22m
[2m../../out/renderer/[22m[36massets/jsonc-DLVLp8id.js                       [39m[1m[2m     3.14 kB[22m[1m[22m
[2m../../out/renderer/[22m[36massets/logo-D9l7oEJ8.js                        [39m[1m[2m     3.16 kB[22m[1m[22m
[2m../../out/renderer/[22m[36massets/pascaligo-VA_LQ1oU.js                   [39m[1m[2m     3.25 kB[22m[1m[22m
[2m../../out/renderer/[22m[36massets/po-BajfNjc5.js                          [39m[1m[2m     3.27 kB[22m[1m[22m
[2m../../out/renderer/[22m[36massets/json5-DCGCKrmX.js                       [39m[1m[2m     3.29 kB[22m[1m[22m
[2m../../out/renderer/[22m[36massets/mipsasm-BQyyUrpa.js                     [39m[1m[2m     3.30 kB[22m[1m[22m
[2m../../out/renderer/[22m[36massets/tasl-DfOr2qHi.js                        [39m[1m[2m     3.32 kB[22m[1m[22m
[2m../../out/renderer/[22m[36massets/rbs-CsVKzbYM.js                         [39m[1m[2m     3.34 kB[22m[1m[22m
[2m../../out/renderer/[22m[36massets/rel-CHRwzjd4.js                         [39m[1m[2m     3.38 kB[22m[1m[22m
[2m../../out/renderer/[22m[36massets/genie-BvhtM5Ga.js                       [39m[1m[2m     3.39 kB[22m[1m[22m
[2m../../out/renderer/[22m[36massets/vala-qJa5rry9.js                        [39m[1m[2m     3.40 kB[22m[1m[22m
[2m../../out/renderer/[22m[36massets/lua-hNsuGJkO.js                         [39m[1m[2m     3.43 kB[22m[1m[22m
[2m../../out/renderer/[22m[36massets/bicep-DIlfshcM.js                       [39m[1m[2m     3.44 kB[22m[1m[22m
[2m../../out/renderer/[22m[36massets/splunk-DcGJXIDa.js                      [39m[1m[2m     3.47 kB[22m[1m[22m
[2m../../out/renderer/[22m[36massets/objective-c-B1L1C5EC.js                 [39m[1m[2m     3.48 kB[22m[1m[22m
[2m../../out/renderer/[22m[36massets/cameligo-CLaaYNMV.js                    [39m[1m[2m     3.51 kB[22m[1m[22m
[2m../../out/renderer/[22m[36massets/fluent-YyC28MRr.js                      [39m[1m[2m     3.65 kB[22m[1m[22m
[2m../../out/renderer/[22m[36massets/jsonnet-Cs8BnnC6.js                     [39m[1m[2m     3.66 kB[22m[1m[22m
[2m../../out/renderer/[22m[36massets/kdl-DzNQTDs7.js                         [39m[1m[2m     3.66 kB[22m[1m[22m
[2m../../out/renderer/[22m[36massets/ssh-config-Bk_I5wDR.js                  [39m[1m[2m     3.66 kB[22m[1m[22m
[2m../../out/renderer/[22m[36massets/glsl-CGsiYPcu.js                        [39m[1m[2m     3.67 kB[22m[1m[22m
[2m../../out/renderer/[22m[36massets/narrat-CLjGcbCy.js                      [39m[1m[2m     3.71 kB[22m[1m[22m
[2m../../out/renderer/[22m[36massets/hurl-Am2cDU4f.js                        [39m[1m[2m     3.73 kB[22m[1m[22m
[2m../../out/renderer/[22m[36massets/turtle-BnC7StHY.js                      [39m[1m[2m     3.74 kB[22m[1m[22m
[2m../../out/renderer/[22m[36massets/graphql-BeiGgjIU.js                     [39m[1m[2m     3.77 kB[22m[1m[22m
[2m../../out/renderer/[22m[36massets/lexon-C1U0m2n9.js                       [39m[1m[2m     3.81 kB[22m[1m[22m
[2m../../out/renderer/[22m[36massets/sdbl-BBUhycGU.js                        [39m[1m[2m     3.86 kB[22m[1m[22m
[2m../../out/renderer/[22m[36massets/typespec-R77Ln7Jb.js                    [39m[1m[2m     3.90 kB[22m[1m[22m
[2m../../out/renderer/[22m[36massets/sparql-DxuVdnRl.js                      [39m[1m[2m     3.94 kB[22m[1m[22m
[2m../../out/renderer/[22m[36massets/ron-CUEPaFZU.js                         [39m[1m[2m     3.95 kB[22m[1m[22m
[2m../../out/renderer/[22m[36massets/zenscript-DFINJL6j.js                   [39m[1m[2m     3.96 kB[22m[1m[22m
[2m../../out/renderer/[22m[36massets/gn-OUMx7fqt.js                          [39m[1m[2m     4.03 kB[22m[1m[22m
[2m../../out/renderer/[22m[36massets/mips-CJm71dS3.js                        [39m[1m[2m     4.14 kB[22m[1m[22m
[2m../../out/renderer/[22m[36massets/m3-6ko6q9-_.js                          [39m[1m[2m     4.15 kB[22m[1m[22m
[2m../../out/renderer/[22m[36massets/pascal-CU8Kjkr_.js                      [39m[1m[2m     4.19 kB[22m[1m[22m
[2m../../out/renderer/[22m[36massets/sophia-D7pU0Y1d.js                      [39m[1m[2m     4.27 kB[22m[1m[22m
[2m../../out/renderer/[22m[36massets/BtwPanel-CtvmIKYc.js                    [39m[1m[2m     4.37 kB[22m[1m[22m
[2m../../out/renderer/[22m[36massets/tcl-CTsc4-t7.js                         [39m[1m[2m     4.46 kB[22m[1m[22m
[2m../../out/renderer/[22m[36massets/shell-vZEubQ82.js                       [39m[1m[2m     4.48 kB[22m[1m[22m
[2m../../out/renderer/[22m[36massets/go-brnMpFrj.js                          [39m[1m[2m     4.49 kB[22m[1m[22m
[2m../../out/renderer/[22m[36massets/fsharp-D2uoxuLH.js                      [39m[1m[2m     4.51 kB[22m[1m[22m
[2m../../out/renderer/[22m[36massets/rosmsg-Bfahr6vb.js                      [39m[1m[2m     4.56 kB[22m[1m[22m
[2m../../out/renderer/[22m[36massets/nextflow-CZlu-KJ9.js                    [39m[1m[2m     4.58 kB[22m[1m[22m
[2m../../out/renderer/[22m[36massets/http-DjsOm9E4.js                        [39m[1m[2m     4.65 kB[22m[1m[22m
[2m../../out/renderer/[22m[36massets/polar-BB-dlxnO.js                       [39m[1m[2m     4.71 kB[22m[1m[22m
[2m../../out/renderer/[22m[36massets/pascal-DMQyD4Xk.js                      [39m[1m[2m     4.71 kB[22m[1m[22m
[2m../../out/renderer/[22m[36massets/r-CtqYUQ6l.js                           [39m[1m[2m     4.80 kB[22m[1m[22m
[2m../../out/renderer/[22m[36massets/fennel-BTELNkeT.js                      [39m[1m[2m     4.80 kB[22m[1m[22m
[2m../../out/renderer/[22m[36massets/bibtex-BLeFwAes.js                      [39m[1m[2m     4.83 kB[22m[1m[22m
[2m../../out/renderer/[22m[36massets/less-B7Qaxw-O.js                        [39m[1m[2m     5.00 kB[22m[1m[22m
[2m../../out/renderer/[22m[36massets/tcl-Bb4GCwBr.js                         [39m[1m[2m     5.05 kB[22m[1m[22m
[2m../../out/renderer/[22m[36massets/llvm-vwd2ARYn.js                        [39m[1m[2m     5.07 kB[22m[1m[22m
[2m../../out/renderer/[22m[36massets/qsharp-BWK6YLKm.js                      [39m[1m[2m     5.14 kB[22m[1m[22m
[2m../../out/renderer/[22m[36massets/liquid-BAo-UZTu.js                      [39m[1m[2m     5.15 kB[22m[1m[22m
[2m../../out/renderer/[22m[36massets/cypher-D0--_GAN.js                      [39m[1m[2m     5.15 kB[22m[1m[22m
[2m../../out/renderer/[22m[36massets/java-Dt3iMn2o.js                        [39m[1m[2m     5.16 kB[22m[1m[22m
[2m../../out/renderer/[22m[36massets/wgsl-Vo-hHVWH.js                        [39m[1m[2m     5.18 kB[22m[1m[22m
[2m../../out/renderer/[22m[36massets/kotlin-Ddo1SjA5.js                      [39m[1m[2m     5.20 kB[22m[1m[22m
[2m../../out/renderer/[22m[36massets/hcl-CrX1Es2W.js                         [39m[1m[2m     5.21 kB[22m[1m[22m
[2m../../out/renderer/[22m[36massets/redis-O7gSt3oh.js                       [39m[1m[2m     5.25 kB[22m[1m[22m
[2m../../out/renderer/[22m[36massets/restructuredtext-B-KQCVu_.js            [39m[1m[2m     5.32 kB[22m[1m[22m
[2m../../out/renderer/[22m[36massets/gdresource-CRSgAcUB.js                  [39m[1m[2m     5.37 kB[22m[1m[22m
[2m../../out/renderer/[22m[36massets/zig-CS4FMAZp.js                         [39m[1m[2m     5.37 kB[22m[1m[22m
[2m../../out/renderer/[22m[36massets/powershell-BXiKvz7Z.js                  [39m[1m[2m     5.39 kB[22m[1m[22m
[2m../../out/renderer/[22m[36massets/qml-jtL8okyu.js                         [39m[1m[2m     5.39 kB[22m[1m[22m
[2m../../out/renderer/[22m[36massets/dax-CvsmLV-B.js                         [39m[1m[2m     5.40 kB[22m[1m[22m
[2m../../out/renderer/[22m[36massets/bicep-DbBeGdXQ.js                       [39m[1m[2m     5.42 kB[22m[1m[22m
[2m../../out/renderer/[22m[36massets/xml-BMzZeaqs.js                         [39m[1m[2m     5.43 kB[22m[1m[22m
[2m../../out/renderer/[22m[36massets/awk-ChreaG-G.js                         [39m[1m[2m     5.49 kB[22m[1m[22m
[2m../../out/renderer/[22m[36massets/coffee-CzJ5oEdj.js                      [39m[1m[2m     5.51 kB[22m[1m[22m
[2m../../out/renderer/[22m[36massets/jinja-Co0rsagz.js                       [39m[1m[2m     5.79 kB[22m[1m[22m
[2m../../out/renderer/[22m[36massets/lean-CTow-IzD.js                        [39m[1m[2m     5.80 kB[22m[1m[22m
[2m../../out/renderer/[22m[36massets/mdx-BsLRE6bP.js                         [39m[1m[2m     5.82 kB[22m[1m[22m
[2m../../out/renderer/[22m[36massets/yaml-Cnveh9Ls.js                        [39m[1m[2m     5.88 kB[22m[1m[22m
[2m../../out/renderer/[22m[36massets/powerquery-B-e1fO-k.js                  [39m[1m[2m     5.95 kB[22m[1m[22m
[2m../../out/renderer/[22m[36massets/shaderlab-C07uO3dL.js                   [39m[1m[2m     5.98 kB[22m[1m[22m
[2m../../out/renderer/[22m[36massets/cypher-DbUmWIxC.js                      [39m[1m[2m     5.99 kB[22m[1m[22m
[2m../../out/renderer/[22m[36massets/coq-B4-C1V0V.js                         [39m[1m[2m     6.01 kB[22m[1m[22m
[2m../../out/renderer/[22m[36massets/css-i3rI3_64.js                         [39m[1m[2m     6.10 kB[22m[1m[22m
[2m../../out/renderer/[22m[36massets/vb-Csa1FuFR.js                          [39m[1m[2m     6.10 kB[22m[1m[22m
[2m../../out/renderer/[22m[36massets/cssMode-Befw3tUa.js                     [39m[1m[2m     6.25 kB[22m[1m[22m
[2m../../out/renderer/[22m[36massets/rust-B1c0VCeq.js                        [39m[1m[2m     6.27 kB[22m[1m[22m
[2m../../out/renderer/[22m[36massets/min-dark-BNaN9fWk.js                    [39m[1m[2m     6.31 kB[22m[1m[22m
[2m../../out/renderer/[22m[36massets/gdshader-BEzE4j_3.js                    [39m[1m[2m     6.37 kB[22m[1m[22m
[2m../../out/renderer/[22m[36massets/apex-DVGUZ64i.js                        [39m[1m[2m     6.39 kB[22m[1m[22m
[2m../../out/renderer/[22m[36massets/ara-DRBH84ND.js                         [39m[1m[2m     6.39 kB[22m[1m[22m
[2m../../out/renderer/[22m[36massets/red-DnSKX2tD.js                         [39m[1m[2m     6.43 kB[22m[1m[22m
[2m../../out/renderer/[22m[36massets/verilog-D6UvsxG6.js                     [39m[1m[2m     6.45 kB[22m[1m[22m
[2m../../out/renderer/[22m[36massets/clojure-C_G4_w5x.js                     [39m[1m[2m     6.45 kB[22m[1m[22m
[2m../../out/renderer/[22m[36massets/postcss-kj1IbjVd.js                     [39m[1m[2m     6.46 kB[22m[1m[22m
[2m../../out/renderer/[22m[36massets/toml-vHPzWDj6.js                        [39m[1m[2m     6.46 kB[22m[1m[22m
[2m../../out/renderer/[22m[36massets/dart-vLMHv35g.js                        [39m[1m[2m     6.48 kB[22m[1m[22m
[2m../../out/renderer/[22m[36massets/python-DtEo-q4B.js                      [39m[1m[2m     6.50 kB[22m[1m[22m
[2m../../out/renderer/[22m[36massets/proto-Ds-m32NR.js                       [39m[1m[2m     6.58 kB[22m[1m[22m
[2m../../out/renderer/[22m[36massets/markdown-B0YTnTxW.js                    [39m[1m[2m     6.65 kB[22m[1m[22m
[2m../../out/renderer/[22m[36massets/solarized-light-B_pp2kVA.js             [39m[1m[2m     6.66 kB[22m[1m[22m
[2m../../out/renderer/[22m[36massets/chapel-wQk8d_On.js                      [39m[1m[2m     6.67 kB[22m[1m[22m
[2m../../out/renderer/[22m[36massets/r-AvJ-_IZz.js                           [39m[1m[2m     6.76 kB[22m[1m[22m
[2m../../out/renderer/[22m[36massets/talonscript-CEEMXJTH.js                 [39m[1m[2m     6.80 kB[22m[1m[22m
[2m../../out/renderer/[22m[36massets/BrowserPanel-2lfiGlHc.js                [39m[1m[2m     6.92 kB[22m[1m[22m
[2m../../out/renderer/[22m[36massets/msdax-BBeIktCY.js                       [39m[1m[2m     6.95 kB[22m[1m[22m
[2m../../out/renderer/[22m[36massets/riscv-BNQ9cVpw.js                       [39m[1m[2m     6.95 kB[22m[1m[22m
[2m../../out/renderer/[22m[36massets/csharp-BJeIuvde.js                      [39m[1m[2m     6.98 kB[22m[1m[22m
[2m../../out/renderer/[22m[36massets/min-light-CMrjentn.js                   [39m[1m[2m     6.99 kB[22m[1m[22m
[2m../../out/renderer/[22m[36massets/htmlMode-B-QNDKlh.js                    [39m[1m[2m     7.00 kB[22m[1m[22m
[2m../../out/renderer/[22m[36massets/soy-DAT1Vt2Q.js                         [39m[1m[2m     7.03 kB[22m[1m[22m
[2m../../out/renderer/[22m[36massets/solarized-dark-irU5sLKO.js              [39m[1m[2m     7.03 kB[22m[1m[22m
[2m../../out/renderer/[22m[36massets/swift-BmOZGynf.js                       [39m[1m[2m     7.18 kB[22m[1m[22m
[2m../../out/renderer/[22m[36massets/scheme-BSHdPinv.js                      [39m[1m[2m     7.21 kB[22m[1m[22m
[2m../../out/renderer/[22m[36massets/hlsl-TRzjajlb.js                        [39m[1m[2m     7.30 kB[22m[1m[22m
[2m../../out/renderer/[22m[36massets/qss-BFrB6p4y.js                         [39m[1m[2m     7.50 kB[22m[1m[22m
[2m../../out/renderer/[22m[36massets/html-F1EZKDqB.js                        [39m[1m[2m     7.62 kB[22m[1m[22m
[2m../../out/renderer/[22m[36massets/prisma-BGGfvhdm.js                      [39m[1m[2m     7.78 kB[22m[1m[22m
[2m../../out/renderer/[22m[36massets/systemd-DJPFjU02.js                     [39m[1m[2m     7.91 kB[22m[1m[22m
[2m../../out/renderer/[22m[36massets/typescript--9BCSk6H.js                  [39m[1m[2m     7.91 kB[22m[1m[22m
[2m../../out/renderer/[22m[36massets/ecl-CeuUgzaZ.js                         [39m[1m[2m     7.94 kB[22m[1m[22m
[2m../../out/renderer/[22m[36massets/regexp-BxWeO75u.js                      [39m[1m[2m     8.03 kB[22m[1m[22m
[2m../../out/renderer/[22m[36massets/monokai-BqhsuXm2.js                     [39m[1m[2m     8.05 kB[22m[1m[22m
[2m../../out/renderer/[22m[36massets/cpp-CcN6f0ik.js                         [39m[1m[2m     8.22 kB[22m[1m[22m
[2m../../out/renderer/[22m[36massets/pug-BxCXwerb.js                         [39m[1m[2m     8.26 kB[22m[1m[22m
[2m../../out/renderer/[22m[36massets/haml-DlpJLJBj.js                        [39m[1m[2m     8.33 kB[22m[1m[22m
[2m../../out/renderer/[22m[36massets/vb-Bm6ESA0Q.js                          [39m[1m[2m     8.33 kB[22m[1m[22m
[2m../../out/renderer/[22m[36massets/vue-html-DhreShjd.js                    [39m[1m[2m     8.53 kB[22m[1m[22m
[2m../../out/renderer/[22m[36massets/plsql-B3Na24V4.js                       [39m[1m[2m     8.55 kB[22m[1m[22m
[2m../../out/renderer/[22m[36massets/dart-BNVTaiA9.js                        [39m[1m[2m     8.66 kB[22m[1m[22m
[2m../../out/renderer/[22m[36massets/SubagentPanel-D3LfvE_J.js               [39m[1m[2m     8.77 kB[22m[1m[22m
[2m../../out/renderer/[22m[36massets/horizon-DWzh3z5C.js                     [39m[1m[2m     8.80 kB[22m[1m[22m
[2m../../out/renderer/[22m[36massets/horizon-bright-BJQsV5UY.js              [39m[1m[2m     8.82 kB[22m[1m[22m
[2m../../out/renderer/[22m[36massets/kotlin-BM2ZNTMh.js                      [39m[1m[2m     8.82 kB[22m[1m[22m
[2m../../out/renderer/[22m[36massets/make-DLtqaK4D.js                        [39m[1m[2m     8.99 kB[22m[1m[22m
[2m../../out/renderer/[22m[36massets/andromeeda-C847lm7Z.js                  [39m[1m[2m     9.04 kB[22m[1m[22m
[2m../../out/renderer/[22m[36massets/scss-B42qMyAu.js                        [39m[1m[2m     9.07 kB[22m[1m[22m
[2m../../out/renderer/[22m[36massets/sas-C8EJbWIQ.js                         [39m[1m[2m     9.10 kB[22m[1m[22m
[2m../../out/renderer/[22m[36massets/dark-plus-DmZ1Dzd4.js                   [39m[1m[2m     9.12 kB[22m[1m[22m
[2m../../out/renderer/[22m[36massets/slack-dark-BEe10hxO.js                  [39m[1m[2m     9.14 kB[22m[1m[22m
[2m../../out/renderer/[22m[36massets/smithy-y2AkadvV.js                      [39m[1m[2m     9.17 kB[22m[1m[22m
[2m../../out/renderer/[22m[36massets/plastic-BjwMpBc0.js                     [39m[1m[2m     9.32 kB[22m[1m[22m
[2m../../out/renderer/[22m[36massets/sass-BheygBdF.js                        [39m[1m[2m     9.32 kB[22m[1m[22m
[2m../../out/renderer/[22m[36massets/slack-ochin-BKmu9pBc.js                 [39m[1m[2m     9.46 kB[22m[1m[22m
[2m../../out/renderer/[22m[36massets/gherkin-xCNF9gh8.js                     [39m[1m[2m     9.58 kB[22m[1m[22m
[2m../../out/renderer/[22m[36massets/tex-DieQ98e7.js                         [39m[1m[2m     9.71 kB[22m[1m[22m
[2m../../out/renderer/[22m[36massets/jison-BkdOIOd4.js                       [39m[1m[2m     9.74 kB[22m[1m[22m
[2m../../out/renderer/[22m[36massets/wgsl-_KPae5vw.js                        [39m[1m[2m     9.78 kB[22m[1m[22m
[2m../../out/renderer/[22m[36massets/cmake-CDfQILeU.js                       [39m[1m[2m     9.89 kB[22m[1m[22m
[2m../../out/renderer/[22m[36massets/light-plus-DS08Xg5J.js                  [39m[1m[2m     9.97 kB[22m[1m[22m
[2m../../out/renderer/[22m[36massets/hcl-axoq0Ycu.js                         [39m[1m[2m    10.08 kB[22m[1m[22m
[2m../../out/renderer/[22m[36massets/RightPane-CRAnxGM6.js                   [39m[1m[2m    10.12 kB[22m[1m[22m
[2m../../out/renderer/[22m[36massets/st-C-b0Dh53.js                          [39m[1m[2m    10.15 kB[22m[1m[22m
[2m../../out/renderer/[22m[36massets/twig-DvgEGWAV.js                        [39m[1m[2m    10.26 kB[22m[1m[22m
[2m../../out/renderer/[22m[36massets/pkl-BsByaYax.js                         [39m[1m[2m    10.40 kB[22m[1m[22m
[2m../../out/renderer/[22m[36massets/handlebars-DSDUD59X.js                  [39m[1m[2m    10.41 kB[22m[1m[22m
[2m../../out/renderer/[22m[36massets/beancount-aZWrE5WV.js                   [39m[1m[2m    10.42 kB[22m[1m[22m
[2m../../out/renderer/[22m[36massets/julia-Cm3ItYL_.js                       [39m[1m[2m    10.49 kB[22m[1m[22m
[2m../../out/renderer/[22m[36massets/nextflow-groovy-BoHzzNJ-.js             [39m[1m[2m    10.49 kB[22m[1m[22m
[2m../../out/renderer/[22m[36massets/raku-6v-Y17bs.js                        [39m[1m[2m    10.49 kB[22m[1m[22m
[2m../../out/renderer/[22m[36massets/dream-maker-CNLQpoF-.js                 [39m[1m[2m    10.51 kB[22m[1m[22m
[2m../../out/renderer/[22m[36massets/yaml-B_vW5iTY.js                        [39m[1m[2m    10.54 kB[22m[1m[22m
[2m../../out/renderer/[22m[36massets/scala-DbVzH-3O.js                       [39m[1m[2m    10.70 kB[22m[1m[22m
[2m../../out/renderer/[22m[36massets/rst-CTOIKh-v.js                         [39m[1m[2m    10.87 kB[22m[1m[22m
[2m../../out/renderer/[22m[36massets/elm-BlO7pcFp.js                         [39m[1m[2m    11.01 kB[22m[1m[22m
[2m../../out/renderer/[22m[36massets/github-light-BTbR9xVK.js                [39m[1m[2m    11.21 kB[22m[1m[22m
[2m../../out/renderer/[22m[36massets/prolog-BT9GCzqD.js                      [39m[1m[2m    11.39 kB[22m[1m[22m
[2m../../out/renderer/[22m[36massets/just-BiRtBRnE.js                        [39m[1m[2m    11.40 kB[22m[1m[22m
[2m../../out/renderer/[22m[36massets/github-dark-O22yVQaY.js                 [39m[1m[2m    11.43 kB[22m[1m[22m
[2m../../out/renderer/[22m[36massets/terraform-CeztUfUr.js                   [39m[1m[2m    11.43 kB[22m[1m[22m
[2m../../out/renderer/[22m[36massets/puppet-N15G4Usj.js                      [39m[1m[2m    11.47 kB[22m[1m[22m
[2m../../out/renderer/[22m[36massets/laserwave-DF03wMlf.js                   [39m[1m[2m    11.52 kB[22m[1m[22m
[2m../../out/renderer/[22m[36massets/systemverilog-BOC0OOdC.js               [39m[1m[2m    11.63 kB[22m[1m[22m
[2m../../out/renderer/[22m[36massets/wasm-BBh6f151.js                        [39m[1m[2m    12.04 kB[22m[1m[22m
[2m../../out/renderer/[22m[36massets/surrealql-CU92wPzz.js                   [39m[1m[2m    12.09 kB[22m[1m[22m
[2m../../out/renderer/[22m[36massets/hjson-I7LcauIB.js                       [39m[1m[2m    12.09 kB[22m[1m[22m
[2m../../out/renderer/[22m[36massets/handlebars-DCI1Liu6.js                  [39m[1m[2m    12.25 kB[22m[1m[22m
[2m../../out/renderer/[22m[36massets/php-Bkx1qpkQ.js                         [39m[1m[2m    12.48 kB[22m[1m[22m
[2m../../out/renderer/[22m[36massets/apache-D4roVlsU.js                      [39m[1m[2m    12.49 kB[22m[1m[22m
[2m../../out/renderer/[22m[36massets/protobuf-CndvAUGu.js                    [39m[1m[2m    12.68 kB[22m[1m[22m
[2m../../out/renderer/[22m[36massets/vesper-D0zf0Dl2.js                      [39m[1m[2m    12.75 kB[22m[1m[22m
[2m../../out/renderer/[22m[36massets/perl-DC0Z0tlO.js                        [39m[1m[2m    12.82 kB[22m[1m[22m
[2m../../out/renderer/[22m[36massets/bat-Dkbx_DMM.js                         [39m[1m[2m    12.93 kB[22m[1m[22m
[2m../../out/renderer/[22m[36massets/fish-kGF2-4SL.js                        [39m[1m[2m    13.07 kB[22m[1m[22m
[2m../../out/renderer/[22m[36massets/nsis-CgTxT63b.js                        [39m[1m[2m    13.16 kB[22m[1m[22m
[2m../../out/renderer/[22m[36massets/razor-CxJeK1K3.js                       [39m[1m[2m    13.33 kB[22m[1m[22m
[2m../../out/renderer/[22m[36massets/v-Dq8gf8Kd.js                           [39m[1m[2m    13.36 kB[22m[1m[22m
[2m../../out/renderer/[22m[36massets/vitesse-light-476zM4e6.js               [39m[1m[2m    13.65 kB[22m[1m[22m
[2m../../out/renderer/[22m[36massets/aurora-x-wJ4-eM2h.js                    [39m[1m[2m    13.68 kB[22m[1m[22m
[2m../../out/renderer/[22m[36massets/vitesse-black-BqNLki8b.js               [39m[1m[2m    13.71 kB[22m[1m[22m
[2m../../out/renderer/[22m[36massets/vitesse-dark-jJ32WhwH.js                [39m[1m[2m    13.79 kB[22m[1m[22m
[2m../../out/renderer/[22m[36massets/pug-SkQ8WOMr.js                         [39m[1m[2m    13.92 kB[22m[1m[22m
[2m../../out/renderer/[22m[36massets/clojure-fcgFaMHx.js                     [39m[1m[2m    13.94 kB[22m[1m[22m
[2m../../out/renderer/[22m[36massets/synthwave-84-CoUef9sh.js                [39m[1m[2m    14.06 kB[22m[1m[22m
[2m../../out/renderer/[22m[36massets/smalltalk-CwntpOpi.js                   [39m[1m[2m    14.17 kB[22m[1m[22m
[2m../../out/renderer/[22m[36massets/github-light-default-DWEonwFe.js        [39m[1m[2m    14.20 kB[22m[1m[22m
[2m../../out/renderer/[22m[36massets/github-light-high-contrast-WJ_cPDts.js  [39m[1m[2m    14.33 kB[22m[1m[22m
[2m../../out/renderer/[22m[36massets/clarity-C5IjJ-qf.js                     [39m[1m[2m    14.40 kB[22m[1m[22m
[2m../../out/renderer/[22m[36massets/github-dark-dimmed-CMZ_OfqC.js          [39m[1m[2m    14.47 kB[22m[1m[22m
[2m../../out/renderer/[22m[36massets/github-dark-default-DB2Hkvqn.js         [39m[1m[2m    14.48 kB[22m[1m[22m
[2m../../out/renderer/[22m[36massets/github-dark-high-contrast-DmxWVmCU.js   [39m[1m[2m    14.65 kB[22m[1m[22m
[2m../../out/renderer/[22m[36massets/gnuplot-tV8vezdE.js                     [39m[1m[2m    14.82 kB[22m[1m[22m
[2m../../out/renderer/[22m[36massets/rust-CMNYZh5a.js                        [39m[1m[2m    15.10 kB[22m[1m[22m
[2m../../out/renderer/[22m[36massets/kusto-CIGMwqN_.js                       [39m[1m[2m    15.21 kB[22m[1m[22m
[2m../../out/renderer/[22m[36massets/ruby-DCd4DmAr.js                        [39m[1m[2m    15.31 kB[22m[1m[22m
[2m../../out/renderer/[22m[36massets/sql-BAGepFCR.js                         [39m[1m[2m    15.56 kB[22m[1m[22m
[2m../../out/renderer/[22m[36massets/lua-BVbbqwZC.js                         [39m[1m[2m    15.57 kB[22m[1m[22m
[2m../../out/renderer/[22m[36massets/actionscript-3-XzMDKpbw.js              [39m[1m[2m    15.59 kB[22m[1m[22m
[2m../../out/renderer/[22m[36massets/nix-ByWcmvXF.js                         [39m[1m[2m    15.60 kB[22m[1m[22m
[2m../../out/renderer/[22m[36massets/abap-B7h4dtBh.js                        [39m[1m[2m    15.89 kB[22m[1m[22m
[2m../../out/renderer/[22m[36massets/matlab-7XHduepk.js                      [39m[1m[2m    16.12 kB[22m[1m[22m
[2m../../out/renderer/[22m[36massets/mysql-BWiizXSn.js                       [39m[1m[2m    16.16 kB[22m[1m[22m
[2m../../out/renderer/[22m[36massets/luau-7m2dfgDT.js                        [39m[1m[2m    16.17 kB[22m[1m[22m
[2m../../out/renderer/[22m[36massets/cue-BFSVLV6N.js                         [39m[1m[2m    16.24 kB[22m[1m[22m
[2m../../out/renderer/[22m[36massets/redshift-CvYMMYZY.js                    [39m[1m[2m    16.33 kB[22m[1m[22m
[2m../../out/renderer/[22m[36massets/elixir-Cuo0djbX.js                      [39m[1m[2m    16.37 kB[22m[1m[22m
[2m../../out/renderer/[22m[36massets/solidity-7D_UgM9r.js                    [39m[1m[2m    16.45 kB[22m[1m[22m
[2m../../out/renderer/[22m[36massets/odin-CNQ56Ay2.js                        [39m[1m[2m    16.55 kB[22m[1m[22m
[2m../../out/renderer/[22m[36massets/ts-tags-Bbg2DCJJ.js                     [39m[1m[2m    17.05 kB[22m[1m[22m
[2m../../out/renderer/[22m[36massets/kanagawa-wave-OC_VodQx.js               [39m[1m[2m    17.15 kB[22m[1m[22m
[2m../../out/renderer/[22m[36massets/kanagawa-lotus-BMbWLXSu.js              [39m[1m[2m    17.15 kB[22m[1m[22m
[2m../../out/renderer/[22m[36massets/kanagawa-dragon-BzrndB3G.js             [39m[1m[2m    17.16 kB[22m[1m[22m
[2m../../out/renderer/[22m[36massets/move-e8N3PYLu.js                        [39m[1m[2m    17.69 kB[22m[1m[22m
[2m../../out/renderer/[22m[36massets/graphql-CwmtR1ib.js                     [39m[1m[2m    18.11 kB[22m[1m[22m
[2m../../out/renderer/[22m[36massets/liquid-CRPVOqng.js                      [39m[1m[2m    18.18 kB[22m[1m[22m
[2m../../out/renderer/[22m[36massets/pgsql-DaSGFTLp.js                       [39m[1m[2m    18.25 kB[22m[1m[22m
[2m../../out/renderer/[22m[36massets/svelte-DYzzbzh8.js                      [39m[1m[2m    18.35 kB[22m[1m[22m
[2m../../out/renderer/[22m[36massets/material-theme-B8B2U48Q.js              [39m[1m[2m    18.65 kB[22m[1m[22m
[2m../../out/renderer/[22m[36massets/material-theme-ocean-BRPLVReX.js        [39m[1m[2m    18.67 kB[22m[1m[22m
[2m../../out/renderer/[22m[36massets/material-theme-darker-BV0iY_T3.js       [39m[1m[2m    18.67 kB[22m[1m[22m
[2m../../out/renderer/[22m[36massets/material-theme-lighter-DrzybSTF.js      [39m[1m[2m    18.68 kB[22m[1m[22m
[2m../../out/renderer/[22m[36massets/material-theme-palenight-DSJwsR_D.js    [39m[1m[2m    18.69 kB[22m[1m[22m
[2m../../out/renderer/[22m[36massets/elixir-eLfY1jWH.js                      [39m[1m[2m    18.74 kB[22m[1m[22m
[2m../../out/renderer/[22m[36massets/gdscript-DO90EOCr.js                    [39m[1m[2m    19.13 kB[22m[1m[22m
[2m../../out/renderer/[22m[36massets/groovy-Bn4MhXgW.js                      [39m[1m[2m    19.22 kB[22m[1m[22m
[2m../../out/renderer/[22m[36massets/postiats-CVVurEnu.js                    [39m[1m[2m    19.30 kB[22m[1m[22m
[2m../../out/renderer/[22m[36massets/ayu-dark-rtpbXCNg.js                    [39m[1m[2m    20.10 kB[22m[1m[22m
[2m../../out/renderer/[22m[36massets/ayu-mirage-BVoH71sA.js                  [39m[1m[2m    20.11 kB[22m[1m[22m
[2m../../out/renderer/[22m[36massets/powershell-CM3IOafy.js                  [39m[1m[2m    20.15 kB[22m[1m[22m
[2m../../out/renderer/[22m[36massets/ayu-light-BCZDSyV8.js                   [39m[1m[2m    20.17 kB[22m[1m[22m
[2m../../out/renderer/[22m[36massets/glimmer-js-DG20vYlC.js                  [39m[1m[2m    20.18 kB[22m[1m[22m
[2m../../out/renderer/[22m[36massets/glimmer-ts-C6w_4QSb.js                  [39m[1m[2m    20.18 kB[22m[1m[22m
[2m../../out/renderer/[22m[36massets/mdc-DEaP6oLt.js                         [39m[1m[2m    20.28 kB[22m[1m[22m
[2m../../out/renderer/[22m[36massets/viml--FINbfoq.js                        [39m[1m[2m    20.40 kB[22m[1m[22m
[2m../../out/renderer/[22m[36massets/snazzy-light-Dcvd-ZyI.js                [39m[1m[2m    20.80 kB[22m[1m[22m
[2m../../out/renderer/[22m[36massets/nushell-CVYPHMpB.js                     [39m[1m[2m    20.92 kB[22m[1m[22m
[2m../../out/renderer/[22m[36massets/dracula-B8-AVrwI.js                     [39m[1m[2m    21.09 kB[22m[1m[22m
[2m../../out/renderer/[22m[36massets/dracula-soft-BHeefow7.js                [39m[1m[2m    21.10 kB[22m[1m[22m
[2m../../out/renderer/[22m[36massets/wit-C_nQzOkY.js                         [39m[1m[2m    21.50 kB[22m[1m[22m
[2m../../out/renderer/[22m[36massets/powerquery-BQ_t1ZiQ.js                  [39m[1m[2m    21.65 kB[22m[1m[22m
[2m../../out/renderer/[22m[36massets/rose-pine-DsUfEP3G.js                   [39m[1m[2m    21.76 kB[22m[1m[22m
[2m../../out/renderer/[22m[36massets/rose-pine-moon-B51k6Eh0.js              [39m[1m[2m    21.78 kB[22m[1m[22m
[2m../../out/renderer/[22m[36massets/rose-pine-dawn-BvRaiqBN.js              [39m[1m[2m    21.78 kB[22m[1m[22m
[2m../../out/renderer/[22m[36massets/twig-C3qRHo7w.js                        [39m[1m[2m    22.09 kB[22m[1m[22m
[2m../../out/renderer/[22m[36massets/nim-DH52b3O2.js                         [39m[1m[2m    22.58 kB[22m[1m[22m
[2m../../out/renderer/[22m[36massets/common-lisp-DAq1kaby.js                 [39m[1m[2m    22.63 kB[22m[1m[22m
[2m../../out/renderer/[22m[36massets/gruvbox-dark-hard-DVsRsETr.js           [39m[1m[2m    22.67 kB[22m[1m[22m
[2m../../out/renderer/[22m[36massets/gruvbox-dark-soft-Db-YOqRx.js           [39m[1m[2m    22.67 kB[22m[1m[22m
[2m../../out/renderer/[22m[36massets/gruvbox-light-hard-CXzJt7DI.js          [39m[1m[2m    22.67 kB[22m[1m[22m
[2m../../out/renderer/[22m[36massets/gruvbox-light-soft-Cs0hTZYv.js          [39m[1m[2m    22.67 kB[22m[1m[22m
[2m../../out/renderer/[22m[36massets/gruvbox-dark-medium-B5JBrQdg.js         [39m[1m[2m    22.68 kB[22m[1m[22m
[2m../../out/renderer/[22m[36massets/gruvbox-light-medium-B89RAI1Y.js        [39m[1m[2m    22.68 kB[22m[1m[22m
[2m../../out/renderer/[22m[36massets/apl-DaBQFEEA.js                         [39m[1m[2m    22.80 kB[22m[1m[22m
[2m../../out/renderer/[22m[36massets/abap-D5KwWAsZ.js                        [39m[1m[2m    22.97 kB[22m[1m[22m
[2m../../out/renderer/[22m[36massets/sql-D_4CBcMI.js                         [39m[1m[2m    23.46 kB[22m[1m[22m
[2m../../out/renderer/[22m[36massets/cadence-S_NtR5Dy.js                     [39m[1m[2m    23.71 kB[22m[1m[22m
[2m../../out/renderer/[22m[36massets/astro-y3sdhPpl.js                       [39m[1m[2m    24.14 kB[22m[1m[22m
[2m../../out/renderer/[22m[36massets/templ-BwefK4nX.js                       [39m[1m[2m    24.14 kB[22m[1m[22m
[2m../../out/renderer/[22m[36massets/vhdl-DMqk4T2s.js                        [39m[1m[2m    24.30 kB[22m[1m[22m
[2m../../out/renderer/[22m[36massets/purescript-DrwsEYNH.js                  [39m[1m[2m    24.68 kB[22m[1m[22m
[2m../../out/renderer/[22m[36massets/bsl-BQH46PtH.js                         [39m[1m[2m    24.75 kB[22m[1m[22m
[2m../../out/renderer/[22m[36massets/angular-html-BJCWRjqJ.js                [39m[1m[2m    24.89 kB[22m[1m[22m
[2m../../out/renderer/[22m[36massets/moonbit-jkXJAqUD.js                     [39m[1m[2m    24.90 kB[22m[1m[22m
[2m../../out/renderer/[22m[36massets/typespec-CmH6i407.js                    [39m[1m[2m    25.09 kB[22m[1m[22m
[2m../../out/renderer/[22m[36massets/one-light-B0cTzZyr.js                   [39m[1m[2m    25.32 kB[22m[1m[22m
[2m../../out/renderer/[22m[36massets/fsharp-5vtGqRR9.js                      [39m[1m[2m    25.36 kB[22m[1m[22m
[2m../../out/renderer/[22m[36massets/vue-Bkpc2-Ou.js                         [39m[1m[2m    25.39 kB[22m[1m[22m
[2m../../out/renderer/[22m[36massets/marko-CIEVFCDi.js                       [39m[1m[2m    25.57 kB[22m[1m[22m
[2m../../out/renderer/[22m[36massets/night-owl-light-gC6E-Eh2.js             [39m[1m[2m    25.93 kB[22m[1m[22m
[2m../../out/renderer/[22m[36massets/solidity-yHOxYChb.js                    [39m[1m[2m    26.03 kB[22m[1m[22m
[2m../../out/renderer/[22m[36massets/julia-DzV3djVI.js                       [39m[1m[2m    26.11 kB[22m[1m[22m
[2m../../out/renderer/[22m[36massets/c3-_0-mb_f-.js                          [39m[1m[2m    26.42 kB[22m[1m[22m
[2m../../out/renderer/[22m[36massets/system-verilog-yaG6IMEl.js              [39m[1m[2m    26.61 kB[22m[1m[22m
[2m../../out/renderer/[22m[36massets/nord-CvDbBq5M.js                        [39m[1m[2m    26.74 kB[22m[1m[22m
[2m../../out/renderer/[22m[36massets/codeql-lfK8ppuq.js                      [39m[1m[2m    26.92 kB[22m[1m[22m
[2m../../out/renderer/[22m[36massets/scss-FZJI91Eq.js                        [39m[1m[2m    27.25 kB[22m[1m[22m
[2m../../out/renderer/[22m[36massets/java-BfXh-0uJ.js                        [39m[1m[2m    27.25 kB[22m[1m[22m
[2m../../out/renderer/[22m[36massets/coffee-XLjtuEYs.js                      [39m[1m[2m    27.48 kB[22m[1m[22m
[2m../../out/renderer/[22m[36massets/razor-CAqfpVJf.js                       [39m[1m[2m    27.58 kB[22m[1m[22m
[2m../../out/renderer/[22m[36massets/scala-X3YXDlFi.js                       [39m[1m[2m    28.92 kB[22m[1m[22m
[2m../../out/renderer/[22m[36massets/night-owl-DSS199ra.js                   [39m[1m[2m    28.94 kB[22m[1m[22m
[2m../../out/renderer/[22m[36massets/jsonMode-DzLoz0z5.js                    [39m[1m[2m    29.00 kB[22m[1m[22m
[2m../../out/renderer/[22m[36massets/crystal-CCwukLCR.js                     [39m[1m[2m    29.51 kB[22m[1m[22m
[2m../../out/renderer/[22m[36massets/applescript-C43Knf0G.js                 [39m[1m[2m    29.59 kB[22m[1m[22m
[2m../../out/renderer/[22m[36massets/stylus-DXFa_2Jl.js                      [39m[1m[2m    31.11 kB[22m[1m[22m
[2m../../out/renderer/[22m[36massets/ahk-DJWyNXQx.js                         [39m[1m[2m    31.47 kB[22m[1m[22m
[2m../../out/renderer/[22m[36massets/poimandres-ChWyhPrn.js                  [39m[1m[2m    33.52 kB[22m[1m[22m
[2m../../out/renderer/[22m[36massets/one-dark-pro-CsMf0BoJ.js                [39m[1m[2m    33.81 kB[22m[1m[22m
[2m../../out/renderer/[22m[36massets/nginx-BFAkI5_-.js                       [39m[1m[2m    35.42 kB[22m[1m[22m
[2m../../out/renderer/[22m[36massets/houston-CF_ws8Cq.js                     [39m[1m[2m    35.44 kB[22m[1m[22m
[2m../../out/renderer/[22m[36massets/tokyo-night-DjtLpAEY.js                 [39m[1m[2m    35.69 kB[22m[1m[22m
[2m../../out/renderer/[22m[36massets/haxe-BRsgd3cI.js                        [39m[1m[2m    35.99 kB[22m[1m[22m
[2m../../out/renderer/[22m[36massets/org-CY01LqKg.js                         [39m[1m[2m    36.97 kB[22m[1m[22m
[2m../../out/renderer/[22m[36massets/erlang-Ch5kuXHm.js                      [39m[1m[2m    37.54 kB[22m[1m[22m
[2m../../out/renderer/[22m[36massets/bird2-iVuaRSDs.js                       [39m[1m[2m    38.72 kB[22m[1m[22m
[2m../../out/renderer/[22m[36massets/cobol-Cff68WIy.js                       [39m[1m[2m    39.19 kB[22m[1m[22m
[2m../../out/renderer/[22m[36massets/tsMode-YomchQQJ.js                      [39m[1m[2m    40.42 kB[22m[1m[22m
[2m../../out/renderer/[22m[36massets/asm-3tg4MVib.js                         [39m[1m[2m    40.75 kB[22m[1m[22m
[2m../../out/renderer/[22m[36massets/haskell-CzPS7wjM.js                     [39m[1m[2m    41.47 kB[22m[1m[22m
[2m../../out/renderer/[22m[36massets/shellscript-CQ8MXh-D.js                 [39m[1m[2m    41.53 kB[22m[1m[22m
[2m../../out/renderer/[22m[36massets/freemarker2-BLCNdp_c.js                 [39m[1m[2m    42.16 kB[22m[1m[22m
[2m../../out/renderer/[22m[36massets/perl-DNMq5TeG.js                        [39m[1m[2m    43.25 kB[22m[1m[22m
[2m../../out/renderer/[22m[36massets/d-9qSZPw74.js                           [39m[1m[2m    43.82 kB[22m[1m[22m
[2m../../out/renderer/[22m[36massets/ahk2-CcfgwDsZ.js                        [39m[1m[2m    45.10 kB[22m[1m[22m
[2m../../out/renderer/[22m[36massets/go-C6Lhu6vW.js                          [39m[1m[2m    46.85 kB[22m[1m[22m
[2m../../out/renderer/[22m[36massets/ruby-C40ein71.js                        [39m[1m[2m    46.91 kB[22m[1m[22m
[2m../../out/renderer/[22m[36massets/apex-qg9RQ075.js                        [39m[1m[2m    47.92 kB[22m[1m[22m
[2m../../out/renderer/[22m[36massets/ada-BZS802Se.js                         [39m[1m[2m    48.11 kB[22m[1m[22m
[2m../../out/renderer/[22m[36massets/css-DfTYai-u.js                         [39m[1m[2m    49.07 kB[22m[1m[22m
[2m../../out/renderer/[22m[36massets/imba-C4923lSV.js                        [39m[1m[2m    49.96 kB[22m[1m[22m
[2m../../out/renderer/[22m[36massets/catppuccin-mocha-C6c0_b-7.js            [39m[1m[2m    50.89 kB[22m[1m[22m
[2m../../out/renderer/[22m[36massets/catppuccin-latte-reHbSDAH.js            [39m[1m[2m    50.89 kB[22m[1m[22m
[2m../../out/renderer/[22m[36massets/catppuccin-frappe-CsW6iLIR.js           [39m[1m[2m    50.89 kB[22m[1m[22m
[2m../../out/renderer/[22m[36massets/catppuccin-macchiato-rSGd47q5.js        [39m[1m[2m    50.90 kB[22m[1m[22m
[2m../../out/renderer/[22m[36massets/everforest-dark-Cg1xdODP.js             [39m[1m[2m    53.78 kB[22m[1m[22m
[2m../../out/renderer/[22m[36massets/everforest-light-BmTD3bxe.js            [39m[1m[2m    53.78 kB[22m[1m[22m
[2m../../out/renderer/[22m[36massets/mermaid-cpc8TKa6.js                     [39m[1m[2m    54.85 kB[22m[1m[22m
[2m../../out/renderer/[22m[36massets/wikitext-BDjE6pmL.js                    [39m[1m[2m    55.93 kB[22m[1m[22m
[2m../../out/renderer/[22m[36massets/stata-BQJhX8pA.js                       [39m[1m[2m    57.04 kB[22m[1m[22m
[2m../../out/renderer/[22m[36massets/html-DmbcFRC9.js                        [39m[1m[2m    57.09 kB[22m[1m[22m
[2m../../out/renderer/[22m[36massets/ballerina-B0yt0TYU.js                   [39m[1m[2m    58.74 kB[22m[1m[22m
[2m../../out/renderer/[22m[36massets/markdown-F_EULe_G.js                    [39m[1m[2m    59.38 kB[22m[1m[22m
[2m../../out/renderer/[22m[36massets/lspLanguageFeatures-fq74SwNy.js         [39m[1m[2m    61.70 kB[22m[1m[22m
[2m../../out/renderer/[22m[36massets/ocaml-B1kfGk9Y.js                       [39m[1m[2m    62.48 kB[22m[1m[22m
[2m../../out/renderer/[22m[36massets/mojo-CCMjFYSY.js                        [39m[1m[2m    69.55 kB[22m[1m[22m
[2m../../out/renderer/[22m[36massets/python-CrdIx4PZ.js                      [39m[1m[2m    69.99 kB[22m[1m[22m
[2m../../out/renderer/[22m[36massets/c-C4VtT7JA.js                           [39m[1m[2m    72.14 kB[22m[1m[22m
[2m../../out/renderer/[22m[36massets/latex-D5TDwF8a.js                       [39m[1m[2m    72.95 kB[22m[1m[22m
[2m../../out/renderer/[22m[36massets/vyper-DP4whl13.js                       [39m[1m[2m    74.68 kB[22m[1m[22m
[2m../../out/renderer/[22m[36massets/hack-wuGTxjSs.js                        [39m[1m[2m    81.16 kB[22m[1m[22m
[2m../../out/renderer/[22m[36massets/swift-C0Fmtg1M.js                       [39m[1m[2m    86.42 kB[22m[1m[22m
[2m../../out/renderer/[22m[36massets/fortran-free-form-5X94ETMi.js           [39m[1m[2m    89.03 kB[22m[1m[22m
[2m../../out/renderer/[22m[36massets/csharp-ChNHWsy7.js                      [39m[1m[2m    90.23 kB[22m[1m[22m
[2m../../out/renderer/[22m[36massets/racket-DbA06HL7.js                      [39m[1m[2m    92.42 kB[22m[1m[22m
[2m../../out/renderer/[22m[36massets/less-BAzLMJNR.js                        [39m[1m[2m    97.11 kB[22m[1m[22m
[2m../../out/renderer/[22m[36massets/blade-DTIBeXBj.js                       [39m[1m[2m   104.99 kB[22m[1m[22m
[2m../../out/renderer/[22m[36massets/objective-c-BSkeXF7b.js                 [39m[1m[2m   105.46 kB[22m[1m[22m
[2m../../out/renderer/[22m[36massets/php-Dhtz88su.js                         [39m[1m[2m   113.20 kB[22m[1m[22m
[2m../../out/renderer/[22m[36massets/asciidoc-C0WHk4w6.js                    [39m[1m[2m   136.09 kB[22m[1m[22m
[2m../../out/renderer/[22m[36massets/mdx-D5wExp-O.js                         [39m[1m[2m   136.15 kB[22m[1m[22m
[2m../../out/renderer/[22m[36massets/typst-BxNUGlb9.js                       [39m[1m[2m   164.15 kB[22m[1m[22m
[2m../../out/renderer/[22m[36massets/objective-cpp-DEoN9Fe5.js               [39m[1m[2m   172.02 kB[22m[1m[22m
[2m../../out/renderer/[22m[36massets/javascript-BsAkV7mL.js                  [39m[1m[2m   174.87 kB[22m[1m[22m
[2m../../out/renderer/[22m[36massets/tsx-CmGGo4Hm.js                         [39m[1m[2m   175.57 kB[22m[1m[22m
[2m../../out/renderer/[22m[36massets/jsx-BPmvoin2.js                         [39m[1m[2m   177.82 kB[22m[1m[22m
[2m../../out/renderer/[22m[36massets/typescript-CP6ECzON.js                  [39m[1m[2m   181.13 kB[22m[1m[22m
[2m../../out/renderer/[22m[36massets/angular-ts-DY2SSsMH.js                  [39m[1m[2m   184.25 kB[22m[1m[22m
[2m../../out/renderer/[22m[36massets/vue-vine-CBak_P96.js                    [39m[1m[2m   190.18 kB[22m[1m[22m
[2m../../out/renderer/[22m[36massets/wolfram-CRmjUoI4.js                     [39m[1m[2m   262.43 kB[22m[1m[22m
[2m../../out/renderer/[22m[36massets/TerminalPanel-jbodl8TU.js               [39m[1m[2m   423.36 kB[22m[1m[22m
[2m../../out/renderer/[22m[36massets/wasm-DDgzZJey.js                        [39m[1m[33m   622.45 kB[39m[22m
[2m../../out/renderer/[22m[36massets/cpp-CjtLXoXm.js                         [39m[1m[33m   785.61 kB[39m[22m
[2m../../out/renderer/[22m[36massets/emacs-lisp-BEPQeTF2.js                  [39m[1m[33m   790.05 kB[39m[22m
[2m../../out/renderer/[22m[36massets/DiffPanel-BjFEYJnu.js                   [39m[1m[33m   859.04 kB[39m[22m
[2m../../out/renderer/[22m[36massets/index-D1uv1Osk.js                       [39m[1m[33m 2,013.63 kB[39m[22m
[2m../../out/renderer/[22m[36massets/FilesPanel-C3fjBCPJ.js                  [39m[1m[33m11,703.22 kB[39m[22m
[32m✓ built in 33.18s[39m
