[plugin-probe] > appPath=/Users/admin/Desktop/personal/pi-wood/apps/desktop
[plugin-probe] · [示例·崩溃与自愈] 崩溃演示插件已就绪 — 点「演示：插件崩溃」将使其自我崩溃并自动重启
[plugin-probe] · [示例·越权被拒] 越权演示插件已就绪 — 点「演示：越权调用被拒」将尝试调用未声明权限
[plugin:demo-crash] [crash] activate（等待 crash 控制消息）
[plugin-probe] · [示例·全能力演示] 厨房演示插件已就绪 — 点「演示：API 全能力」查看 §5.8 桌面 API
[plugin-probe] > 启动后状态: overreach=running crash=running kitchen=running
[plugin:demo-overreach] [overreach] 第 1 轮：尝试越权调用
[plugin:demo-overreach] 未声明权限「terminal:run」，API terminal.run 被拒绝
[plugin:demo-overreach] [overreach] terminal.run 被拒（预期）：未声明权限「terminal:run」，API terminal.run 被拒绝
[plugin:demo-overreach] 未声明权限「fs:write」，API diff.revert 被拒绝
[plugin:demo-overreach] [overreach] diff.revert 被拒（预期）：未声明权限「fs:write」，API diff.revert 被拒绝
[plugin-probe] · [示例·越权被拒] 越权尝试已被拦下 — 仅 terminal:run/fs:write 越权，notify 合法
[plugin-probe] ① 越权拒绝 = PASS（demo-overreach activity: ["未声明权限「terminal:run」，API terminal.run 被拒绝","未声明权限「fs:write」，API diff.revert 被拒绝"]）
[plugin:demo-crash] [crash] 收到 crash 控制，50ms 后硬退出
[plugin-probe] · [示例·崩溃与自愈] 即将自我崩溃
[plugin:demo-crash] crashed code=11 uptime=582ms restarts=0
[plugin-probe] · 插件「示例·崩溃与自愈」崩溃（退出码 11），正在自动重启 1/3
[plugin-probe] · [示例·崩溃与自愈] 崩溃演示插件已就绪 — 点「演示：插件崩溃」将使其自我崩溃并自动重启
[plugin:demo-crash] [crash] activate（等待 crash 控制消息）
[plugin-probe] ② 崩溃检测=PASS；重启回 running=PASS（demo-crash restarts=1 status=running lastError="进程异常退出（码 11）"）
[plugin-probe] = 主进程存活确认：探针进程仍在跑、utilityProcess 崩溃未波及主进程；结论 ALL PASS
