[plugin:demo-crash] [crash] activate（等待 crash 控制消息）
=== T9.2 v2.1 --context-tree-ui-probe（minimap 刻度条 + 消息级分叉 + 派生回跳） ===
✓ U0 真对话起活且会话文件已知 — conv=conv-1-a
✓ U0.1 engineSwitchSession 经渲染层链路成功 — switched=true
Error occurred in handler for 'engine:getRuntimeInfo': Error: Cannot read properties of undefined (reading 'input')
    at EngineHost.onFrame (file:///Users/admin/Desktop/personal/pi-wood/apps/desktop/out/main/index.js:1265:24)
    at ForkUtilityProcess.<anonymous> (file:///Users/admin/Desktop/personal/pi-wood/apps/desktop/out/main/index.js:1176:38)
    at ForkUtilityProcess.emit (node:events:519:28)
    at ForkUtilityProcess.a.emit (node:electron/js2c/browser_init:2:75222)
✓ U1.1 刻度条出现、默认叶路径 4 刻度、旧侧栏已移除 — {"minimap":true,"ticks":4,"asideGone":true,"bodyHasBranch":true,"bodyHasMain":false}
✓ U1.2 transcript=默认叶路径：见旁支答、不见主干答
✓ U2 hover 正态重排：目标最长 > 邻居 > 远端，且 tooltip 显示角色+摘要 — {"hovered":30,"neighbor":27,"base":21,"tip":true,"role":true}
✓ U3 点刻度跳转：目标行出现 flash 高亮
✓ U4.0 回复底部「分叉」按钮可点
✓ U4.1 分叉出新对话：两条对话、视图停在触发提问（回答不在）、派生 chip + 别名/forkedFrom 谱系已落盘 — {"convCount":2,"hasQuestion":true,"noReply":true,"chip":true,"aliasOk":true}
Error occurred in handler for 'engine:getRuntimeInfo': Error: Cannot read properties of undefined (reading 'input')
    at EngineHost.onFrame (file:///Users/admin/Desktop/personal/pi-wood/apps/desktop/out/main/index.js:1265:24)
    at ForkUtilityProcess.<anonymous> (file:///Users/admin/Desktop/personal/pi-wood/apps/desktop/out/main/index.js:1176:38)
    at ForkUtilityProcess.emit (node:events:519:28)
    at ForkUtilityProcess.a.emit (node:electron/js2c/browser_init:2:75222)
✓ U4.2 点「从对话中派生」回跳源对话 — back=true
✓ U5 窄窗自动隐藏、拉宽恢复 — narrow=hidden wide=visible
[ctx-ui] captured /Users/admin/Desktop/personal/pi-wood/apps/desktop/docs/proofs/ui-v3/context-tree-ui.png
[ctx-ui] 10/10 通过 · 结论 ALL PASS
[plugin:demo-crash] crashed code=0 uptime=8729ms restarts=0
[engine] 渲染层推送累计丢弃 1 条（窗口未就绪/已销毁？通道 ui:notify）
[plugin:demo-kitchen] crashed code=0 uptime=8728ms restarts=0
[plugin:demo-overreach] crashed code=0 uptime=8727ms restarts=0
[engine] 子进程异常退出（code=0, conv=conv-1-aa0e9a9a）
[engine] 子进程异常退出（code=0, conv=conv-2-ce8aa55b）
